▶ Treatments lifecycle on isolated libSQL
  ✔ fresh database has no treatments or service mappings; first admin creation updates the revision (266.2664ms)
  ✔ drafts stay out of public catalogue and cannot receive website or dashboard bookings (31.4041ms)
  ✔ publishing requires an eligible practitioner and valid working hours (80.7172ms)
  ✔ custom treatment books with exact price, name and full duration snapshots (88.652ms)
  ✔ catalogue updates preserve existing bookings and historical revenue (80.6973ms)
  ✔ future appointments prevent removing practitioner assignments (8.4716ms)
  ✔ archive removes public access, keeps existing care editable and allows confirmed-request replay (58.5017ms)
  ✔ existing archived-treatment appointment can still be invoiced (117.0526ms)
[Public practitioners read]
  ✔ parallel editors reject stale updates instead of overwriting (65.4132ms)
  ✔ duplicate creation and edits using an old version cannot replace a treatment (35.5095ms)
  ✔ invalid fields and malicious shapes leave the entire database unchanged (483.3539ms)
  ✔ transaction failure rolls back treatment, mappings and audit history together (44.656ms)
  ✔ Team and resource assignment accept a custom treatment and preserve duration overrides (70.49ms)
  ✔ recurring custom treatment plans reserve and record the correct service (30.5244ms)
  ✔ new backup format restores custom catalogue, assignments, snapshots and revisions (94.7439ms)
  ✔ admin API requires authentication, validates JSON and records hashed actor identity (69.6565ms)
  ✔ WhatsApp menus include published custom services and recover when selection is archived (105.5315ms)
  ✔ empty published catalogue returns an empty list and a useful WhatsApp reply (43.768ms)
  ✔ migration reruns preserve archives, custom services and intentionally empty catalogues (86.1631ms)
  ✔ optional clinical content, goals and areas round-trip, preserve omissions and clear explicitly (41.6184ms)
  ✔ malformed discovery and clinical fields reject atomically, including inherited object keys (418.8857ms)
  ✔ zero price and numeric boundaries persist exactly without invented charges (68.2184ms)
  ✔ every publication-state transition enforces public availability and supports republishing (345.6517ms)
  ✔ a new practitioner with no selected treatments handles none; selecting three handles only those three (167.1746ms)
  ✔ recurring preview and commit use the custom duration rather than the old 30-minute fallback (59.5797ms)
  ✔ reviews and clinical records require a real treatment instead of substituting a static default (53.7812ms)
  ✔ legacy-only mapping backups remain restorable without making those treatments bookable (188.9381ms)
  ✔ SQL duration guards use the persisted catalogue even for direct legacy writers (50.4707ms)
  ✔ catalogue outages return retryable JSON without internal database details (5.3256ms)
✔ Treatments lifecycle on isolated libSQL (3270.1228ms)
ℹ tests 30
ℹ suites 0
ℹ pass 30
ℹ fail 0
ℹ cancelled 0
ℹ skipped 0
ℹ todo 0
ℹ duration_ms 5681.7865
