▶ Audit remediation on isolated libSQL
  ✔ QA-03 booking never silently assigns a different person to a known contact (34.3457ms)
  ✔ QA-03 ambiguous unassigned legacy documents cannot be claimed by another identity (38.6737ms)
  ✔ QA-20 patient deletion preserves histories and only removes empty records (115.5123ms)
  ✔ QA-04 planned sessions and cancellation do not create measured pain or completed care (135.7909ms)
  ✔ QA-07/09/10 clinical updates validate, roll back, retain revisions and reject stale writers (108.4398ms)
  ✔ QA-01/15 existing appointments get one linked clinical record and archives retain it (193.533ms)
  ✔ QA-04 a missing time cannot complete a same-day future appointment (50.1427ms)
  ✔ QA-05 API requires stable intent keys and deduplicates parallel retries (158.1287ms)
  ✔ QA-06 document identities and appointment service/practitioner are checked (93.9534ms)
  ✔ QA-08 exact cents, VAT, payment groups and averages agree (145.3407ms)
  ✔ QA-11 financial aggregates are absent until step-up and disappear after locking (53.94ms)
  ✔ QA-12 invalid patient profile fields reject before any mutation; clearing and omission remain explicit (49.7338ms)
  ✔ QA-13 export filters match lists, empty periods and Lisbon date boundaries (152.3917ms)
  ✔ QA-17 production accepts explicit password hashes and rejects missing or malformed credentials (35.4203ms)
  ✔ QA-18 email logs omit recipients and transport exception details (61.7266ms)
✔ Audit remediation on isolated libSQL (1699.7324ms)
▶ Patient integrity on isolated libSQL
  ✔ duplicate creation and changing to another patient phone are explicit conflicts (110.4238ms)
  ✔ concurrent creation never overwrites an existing patient (22.9186ms)
  ✔ legacy-only records require an explicit promotion and keep their historical contact links (50.5153ms)
  ✔ contact changes retain ID-based histories and immutable document snapshots (285.5345ms)
  ✔ failure saving the new contact mirror rolls back profile and legacy links (32.7122ms)
  ✔ archive retains clinical data and document links while releasing active capacity (266.3883ms)
  ✔ failure to write archive audit rolls back the archive and keeps capacity occupied (75.7063ms)
  ✔ patient ID reads and archive mutations remain authenticated (12.1114ms)
✔ Patient integrity on isolated libSQL (1124.0878ms)
▶ Team scheduling on isolated libSQL
  ✔ intentional review reset stays empty on admin and public reads (8.0529ms)
  ✔ migration seeds one practitioner and is recorded once (4.8706ms)
  ✔ admin can create practitioners with services and split shifts (68.0427ms)
  ✔ two practitioners can book the same time; partial overlap on one is rejected (103.905ms)
  ✔ duration is persisted, and one patient cannot book two practitioners simultaneously (31.8404ms)
  ✔ parallel earliest requests fill capacity without duplicates (253.28ms)
  ✔ parallel retry has exactly one assignment and rejects a changed payload (151.9858ms)
  ✔ full treatment must fit inside working hours and lunch breaks (33.8423ms)
  ✔ practitioner blocks preserve other practitioners and cover partial intervals (36.1433ms)
  ✔ leave closes only one practitioner and clinic closure closes everyone (76.5798ms)
  ✔ schedule changes cannot strand future appointments (15.0937ms)
  ✔ stale configuration revision is rejected (15.6854ms)
  ✔ shared equipment prevents simultaneous reservations across practitioners (90.9111ms)
  ✔ raw database writers cannot bypass interval and resource collision guards (4.9462ms)
  ✔ recurring sessions maintain one practitioner and commit atomically (40.5328ms)
  ✔ reassignment checks conflicts and edit version (28.848ms)
  ✔ admin slot API marks all occupied intervals (46.3569ms)
  ✔ public availability and profile APIs never return patient details (46.3089ms)
  ✔ management endpoints require authentication (17.8722ms)
  ✔ manual future entries reserve practitioner; past entries only record history (51.1663ms)
  ✔ documents preserve practitioner identity and reject ambiguous authors (47.0238ms)
  ✔ bulk blocks are scoped, preserve booked intervals and commit the complete range (46.3668ms)
[reCAPTCHA Fallback]: Permitted legitimate booking submission without reCAPTCHA token (adblock/slow network fallback verified).
[reCAPTCHA Fallback]: Permitted legitimate booking submission without reCAPTCHA token (adblock/slow network fallback verified).
[reCAPTCHA Fallback]: Permitted legitimate booking submission without reCAPTCHA token (adblock/slow network fallback verified).
[reCAPTCHA Fallback]: Permitted legitimate booking submission without reCAPTCHA token (adblock/slow network fallback verified).
[reCAPTCHA Fallback]: Permitted legitimate booking submission without reCAPTCHA token (adblock/slow network fallback verified).
[reCAPTCHA Fallback]: Permitted legitimate booking submission without reCAPTCHA token (adblock/slow network fallback verified).
[reCAPTCHA Fallback]: Permitted legitimate booking submission without reCAPTCHA token (adblock/slow network fallback verified).
[reCAPTCHA Fallback]: Permitted legitimate booking submission without reCAPTCHA token (adblock/slow network fallback verified).
[reCAPTCHA Fallback]: Permitted legitimate booking submission without reCAPTCHA token (adblock/slow network fallback verified).
[reCAPTCHA Fallback]: Permitted legitimate booking submission without reCAPTCHA token (adblock/slow network fallback verified).
[reCAPTCHA Fallback]: Permitted legitimate booking submission without reCAPTCHA token (adblock/slow network fallback verified).
[reCAPTCHA Fallback]: Permitted legitimate booking submission without reCAPTCHA token (adblock/slow network fallback verified).
[reCAPTCHA Fallback]: Permitted legitimate booking submission without reCAPTCHA token (adblock/slow network fallback verified).
[reCAPTCHA Fallback]: Permitted legitimate booking submission without reCAPTCHA token (adblock/slow network fallback verified).
  ✔ concurrent edits reject a stale appointment version (146.6042ms)
  ✔ backup restores team configuration and every assignment atomically (223.7157ms)
  ✔ duration overrides, buffers, cancellation and dated Sunday opening agree (166.2296ms)
  ✔ populated single-practitioner migration preserves historical data (233.1583ms)
  ✔ clinic blocks are distinguished from practitioner blocks in the admin UI data (16.392ms)
  ✔ CSV headers align with practitioner and duration fields (28.8893ms)
  ✔ invalid configuration is rejected without partial changes (184.5735ms)
  ✔ private and archived practitioners never become public fallback assignments (206.6822ms)
  ✔ an explicitly ineligible practitioner is never silently substituted (99.3597ms)
  ✔ cancelled reassignment updates the saved name and linked session (73.4328ms)
  ✔ reopening a cancelled appointment checks its old reservation again (123.2716ms)
  ✔ retry keys reject changes to notes, coverage and status (27.354ms)
  ✔ public retries do not exhaust the three-booking patient allowance (237.438ms)
  ✔ booking APIs reject malformed practitioner preferences instead of choosing someone else (59.9198ms)
  ✔ patch rejects null/empty date, time and invalid versions without changing a booking (54.1212ms)
  ✔ recurrence preview rejects fractional counts and partially malformed patterns (21.0687ms)
  ✔ overlapping recurring sessions fail atomically in preview and commit (14.1989ms)
  ✔ existing appointments retain duration snapshots after service settings change (117.1879ms)
  ✔ resource deactivation cannot invalidate reserved equipment (16.3535ms)
  ✔ deleting a special Sunday opening cannot strand a reservation (35.2928ms)
  ✔ restore rejects malformed resource allocations without corrupting the live snapshot (148.1232ms)
  ✔ invalid bulk actions and ranges do not write any blocks (8.6383ms)
  ✔ interval boundaries match an independent minute-by-minute oracle (303.1737ms)
  ✔ calendar exports preserve Lisbon summer/winter time, pending status and UTF-8 lines (9.9235ms)
  ✔ database integrity and foreign keys survive all failure scenarios (2.3928ms)
  ✔ failed single and recurring bookings never leave empty patient profiles (46.2817ms)
[reCAPTCHA Fallback]: Permitted legitimate booking submission without reCAPTCHA token (adblock/slow network fallback verified).
[reCAPTCHA Fallback]: Permitted legitimate booking submission without reCAPTCHA token (adblock/slow network fallback verified).
[reCAPTCHA Fallback]: Permitted legitimate booking submission without reCAPTCHA token (adblock/slow network fallback verified).
[reCAPTCHA Fallback]: Permitted legitimate booking submission without reCAPTCHA token (adblock/slow network fallback verified).
[reCAPTCHA Fallback]: Permitted legitimate booking submission without reCAPTCHA token (adblock/slow network fallback verified).
[reCAPTCHA Fallback]: Permitted legitimate booking submission without reCAPTCHA token (adblock/slow network fallback verified).
[reCAPTCHA Fallback]: Permitted legitimate booking submission without reCAPTCHA token (adblock/slow network fallback verified).
[reCAPTCHA Fallback]: Permitted legitimate booking submission without reCAPTCHA token (adblock/slow network fallback verified).
  ✔ simultaneous public requests cannot exceed the per-phone booking allowance (240.9381ms)
  ✔ deleting a patient does not allow their retained confirmed appointment to overlap (35.8205ms)
  ✔ appointment archival preserves its linked clinical session (42.9167ms)
  ✔ a database failure midway through recurring creation rolls back every write (24.0659ms)
  ✔ a lost commit acknowledgement recovers the booking with one rate-limit charge (40.8134ms)
  ✔ an obsolete response-cache failure cannot turn a committed booking into an error (36.8998ms)
  ✔ recurring APIs reject malformed practitioner preferences and patient names (22.6315ms)
  ✔ retrying a recurring plan after a lost acknowledgement returns exactly the committed plan (31.8765ms)
  ✔ patient deletion during booking cannot create a dangling patient reference (51.3967ms)
  ✔ racing reschedules of different appointments have exactly one winner (131.8216ms)
  ✔ restore failure after deletes rolls back data and the schedule revision (132.5695ms)
  ✔ deletion failure preserves both the appointment and its linked clinical session (44.2879ms)
  ✔ simultaneous IP requests cannot overrun an atomic rate-limit window (135.4415ms)
  ✔ SQL guards prevent a patient-phone collision after their profile is removed (33.2482ms)
  ✔ recurring request keys survive restore and refuse recreation of a removed session (217.7618ms)
  ✔ malformed scheduling references in backups fail without writes (39.7557ms)
[reCAPTCHA Fallback]: Permitted legitimate booking submission without reCAPTCHA token (adblock/slow network fallback verified).
  ✔ twenty concurrent bookings on independent days do not report false capacity conflicts (511.9192ms)
[reCAPTCHA Fallback]: Permitted legitimate booking submission without reCAPTCHA token (adblock/slow network fallback verified).
[reCAPTCHA Fallback]: Permitted legitimate booking submission without reCAPTCHA token (adblock/slow network fallback verified).
[Booking Email Dispatch Warning]:
[Schedule configuration read]
[Public practitioners read]
  ✔ exhausted contention returns retryable 503 and the same request can recover (968.3264ms)
  ✔ notification transport failure cannot roll back a successful reservation (33.8056ms)
  ✔ linked clinical sessions use the appointment index for lookup and reassignment (0.8797ms)
  ✔ malformed team identifiers cannot accidentally create new records (115.4175ms)
  ✔ coercible color arrays return validation errors instead of database errors (8.1126ms)
  ✔ configuration read outages produce retryable JSON without database details (1.0663ms)
  ✔ a failure inside a team write rolls back the profile, services, hours and revision (17.4748ms)
  ✔ two simultaneous team edits have one winner and no partial losing profile (55.2188ms)
  ✔ a booking arriving during team editing prevents a stale archive atomically (80.4021ms)
  ✔ rescheduling availability still protects patients after their profile is recreated (63.1028ms)
  ✔ rescheduling a deleted appointment fails explicitly instead of offering slots (3.6602ms)
  ✔ public availability rejects impossible calendar dates (0.5965ms)
  ✔ a reassignment transaction failure preserves both agenda and clinical session (28.6155ms)
  ✔ migration is idempotent after parallel bookings exist (9.812ms)
✔ Team scheduling on isolated libSQL (7261.6216ms)
▶ Treatments lifecycle on isolated libSQL
  ✔ fresh database has no treatments or service mappings; first admin creation updates the revision (383.4648ms)
  ✔ drafts stay out of public catalogue and cannot receive website or dashboard bookings (36.0635ms)
  ✔ publishing requires an eligible practitioner and valid working hours (74.6021ms)
  ✔ custom treatment books with exact price, name and full duration snapshots (29.4336ms)
  ✔ catalogue updates preserve existing bookings and historical revenue (82.1016ms)
  ✔ future appointments prevent removing practitioner assignments (9.5953ms)
  ✔ archive removes public access, keeps existing care editable and allows confirmed-request replay (70.8813ms)
  ✔ existing archived-treatment appointment can still be invoiced (151.0476ms)
[Public practitioners read]
  ✔ parallel editors reject stale updates instead of overwriting (72.2305ms)
  ✔ duplicate creation and edits using an old version cannot replace a treatment (44.0858ms)
  ✔ invalid fields and malicious shapes leave the entire database unchanged (667.502ms)
  ✔ transaction failure rolls back treatment, mappings and audit history together (68.2638ms)
  ✔ Team and resource assignment accept a custom treatment and preserve duration overrides (112.9319ms)
  ✔ recurring custom treatment plans reserve and record the correct service (50.1714ms)
  ✔ new backup format restores custom catalogue, assignments, snapshots and revisions (112.6539ms)
  ✔ admin API requires authentication, validates JSON and records hashed actor identity (86.2906ms)
  ✔ WhatsApp menus include published custom services and recover when selection is archived (127.5189ms)
  ✔ empty published catalogue returns an empty list and a useful WhatsApp reply (57.5497ms)
  ✔ migration reruns preserve archives, custom services and intentionally empty catalogues (117.4321ms)
  ✔ optional clinical content, goals and areas round-trip, preserve omissions and clear explicitly (35.6465ms)
  ✔ malformed discovery and clinical fields reject atomically, including inherited object keys (502.9384ms)
  ✔ zero price and numeric boundaries persist exactly without invented charges (84.1661ms)
  ✔ every publication-state transition enforces public availability and supports republishing (356.7928ms)
  ✔ a new practitioner with no selected treatments handles none; selecting three handles only those three (147.2206ms)
  ✔ recurring preview and commit use the custom duration rather than the old 30-minute fallback (53.7161ms)
  ✔ reviews and clinical records require a real treatment instead of substituting a static default (58.602ms)
  ✔ legacy-only mapping backups remain restorable without making those treatments bookable (158.8687ms)
  ✔ SQL duration guards use the persisted catalogue even for direct legacy writers (55.6614ms)
  ✔ catalogue outages return retryable JSON without internal database details (2.3556ms)
✔ Treatments lifecycle on isolated libSQL (3819.4481ms)
▶ WhatsApp booking integration against isolated libSQL
  ✔ webhook verifies exact raw signatures and challenge tokens (21.8289ms)
  ✔ other phone IDs, delivery notifications and non-allowlisted senders do not book (1.312ms)
  ✔ complete conversation saves one pending appointment visible to dashboard queries (435.3873ms)
  ✔ duplicate webhook deliveries do not create duplicate replies (70.3401ms)
  ✔ stale confirmation buttons cannot reserve a different selection (417.5176ms)
  ✔ a crash after booking but before conversation commit recovers the same appointment (334.129ms)
  ✔ delivery failure retains the booking and retries the saved reply (317.1264ms)
  ✔ treatment overlaps and blocked intervals are enforced for every database writer (63.2217ms)
  ✔ per-conversation leases prevent concurrent processing and stale commits (12.356ms)
  ✔ Portuguese and French conversations understand service, tomorrow and afternoon (25.5711ms)
  ✔ automatic confirmation is explicit and expiry cannot make a new booking (550.0193ms)
  ✔ jobs and configuration status require separate authorization (2.0499ms)
  ✔ dashboard stream detects a database change without a process-local event (3037.0646ms)
  ✔ disabled integration does not accept incoming messages (1.0958ms)
✔ WhatsApp booking integration against isolated libSQL (5550.7059ms)
ℹ tests 150
ℹ suites 0
ℹ pass 150
ℹ fail 0
ℹ cancelled 0
ℹ skipped 0
ℹ todo 0
ℹ duration_ms 20446.8099
